{
 "SVG": {
  "name": "SVG",
  "aka": [],
  "comments": [
   "",
   "Although SVG is not available on IE7 and IE8, these browsers support [VML](https://en.wikipedia.org/wiki/Vector_Markup_Language), and the SVG renderer will fall back to VML in this case.",
   "",
   "VML was deprecated in 2012, which means VML functionality exists only for backwards compatibility",
   "with old versions of Internet Explorer."
  ],
  "supersections": {},
  "inherits": [],
  "relationships": [],
  "id": "svg"
 }
}